▲ Next.js 16.2.12
- Local:         http://localhost:3101
- Network:       http://20.0.0.234:3101
✓ Ready in 296ms
Export worker progress {
  taskId: '53b53d5d-79a7-43a9-9411-209f557c5253',
  processId: 3868,
  threadId: 1,
  status: 'processing'
}
Export worker progress {
  taskId: '53b53d5d-79a7-43a9-9411-209f557c5253',
  processId: 3868,
  threadId: 1,
  status: 'rendering'
}
Export worker progress {
  taskId: 'c29d1478-2480-48cc-af06-4e95ad53fe40',
  processId: 3868,
  threadId: 2,
  status: 'processing'
}
Export worker progress {
  taskId: 'c29d1478-2480-48cc-af06-4e95ad53fe40',
  processId: 3868,
  threadId: 2,
  status: 'rendering'
}
Export worker progress {
  taskId: 'c29d1478-2480-48cc-af06-4e95ad53fe40',
  processId: 3868,
  threadId: 2,
  status: 'packaging'
}
